 ›   Warning: @salesforce/cli update available from 2.131.7 to 2.147.7.
Compiled successfully.
Executed successfully.

67.0 APEX_CODE,DEBUG;APEX_PROFILING,INFO
Execute Anonymous: // SH-1174 / TC-70 escenario idx 5: un Inventory Adjustment posterior NO debe corromper el
Execute Anonymous: // promedio landed. Brecha de cobertura real: CERO referencias a Inventory Adjustment en los
Execute Anonymous: // 17 archivos de la PR #2585 (ni en codigo de produccion ni en tests).
Execute Anonymous: //
Execute Anonymous: // Recepcion: 10 u @ $10.00 + $20.00 de gasto -> efectivo $12.00/u -> promedio $12.00, stock 10.
Execute Anonymous: // Luego un Inventory Adjustment de tipo 'Adjustment' da de baja 3 unidades (merma).
Execute Anonymous: // CONVENCION DE SIGNO (verificada en la formula de CatalogItem.Total_Stock__c:
Execute Anonymous: //   Number_of_Items_Ordered - Number_of_Items_Bought - Number_of_Items_Adjusted + ...):
Execute Anonymous: //   Number_of_Items_Adjusted__c se RESTA, asi que una Quantity__c POSITIVA = unidades dadas de baja.
Execute Anonymous: // Esperado: el stock baja a 7, PERO el promedio landed sigue en $12.00 y el ICH de la recepcion
Execute Anonymous: // conserva su desglose (Unit_Cost 10.00 / Allocated_Expense 20.00 / Effective_Cost 12.00).
Execute Anonymous: 
Execute Anonymous: String tag = 'QA-1174-S5-' + String.valueOf(Datetime.now().getTime());
Execute Anonymous: 
Execute Anonymous: List<Auctifera__POS_Settings__c> settings = [SELECT Id, Auctifera__Use_Weighted_Cost_Item_Calculation__c FROM Auctifera__POS_Settings__c LIMIT 1];
Execute Anonymous: if (settings.isEmpty()) {
Execute Anonymous:     insert new Auctifera__POS_Settings__c(Auctifera__Use_Weighted_Cost_Item_Calculation__c = true);
Execute Anonymous: } else if (settings[0].Auctifera__Use_Weighted_Cost_Item_Calculation__c != true) {
Execute Anonymous:     settings[0].Auctifera__Use_Weighted_Cost_Item_Calculation__c = true;
Execute Anonymous:     update settings[0];
Execute Anonymous: }
Execute Anonymous: 
Execute Anonymous: Auctifera__CatalogItem__c shopItem = new Auctifera__CatalogItem__c(
Execute Anonymous:     Name = tag + ' Mug',
Execute Anonymous:     Auctifera__Product_ID__c = tag,
Execute Anonymous:     Auctifera__Price__c = 25
Execute Anonymous: );
Execute Anonymous: insert shopItem;
Execute Anonymous: 
Execute Anonymous: Auctifera__Purchase_Order__c po = new Auctifera__Purchase_Order__c(Name = tag + ' PO');
Execute Anonymous: insert po;
Execute Anonymous: insert new Auctifera__Purchase_Order_Expense__c(
Execute Anonymous:     Name = 'Freight',
Execute Anonymous:     Auctifera__Purchase_Order__c = po.Id,
Execute Anonymous:     Auctifera__Calculation_Type__c = 'Amount',
Execute Anonymous:     Auctifera__Amount__c = 20
Execute Anonymous: );
Execute Anonymous: Auctifera__StockReplenishmentOrder__c line = new Auctifera__StockReplenishmentOrder__c(
Execute Anonymous:     Auctifera__Catalog_Item__c = shopItem.Id,
Execute Anonymous:     Auctifera__Purchase_Order__c = po.Id,
Execute Anonymous:     Auctifera__Order_Amount__c = 10,
Execute Anonymous:     Auctifera__Order_Date__c = Date.newInstance(2026, 1, 1),
Execute Anonymous:     Auctifera__Order_Status__c = 'Draft',
Execute Anonymous:     Auctifera__Item_Cost__c = 10
Execute Anonymous: );
Execute Anonymous: insert line;
Execute Anonymous: line.Auctifera__Order_Status__c = 'Received - Complete';
Execute Anonymous: update line;
Execute Anonymous: 
Execute Anonymous: Auctifera__CatalogItem__c beforeAdj = [SELECT Auctifera__Current_Item_Cost__c, Auctifera__Total_Stock__c FROM Auctifera__CatalogItem__c WHERE Id = :shopItem.Id];
Execute Anonymous: List<Auctifera__Item_Cost_History__c> ichBefore = [
Execute Anonymous:     SELECT Auctifera__Cost__c, Auctifera__Stock__c, Auctifera__Unit_Cost__c,
Execute Anonymous:            Auctifera__Allocated_Expense__c, Auctifera__Effective_Cost__c
Execute Anonymous:     FROM Auctifera__Item_Cost_History__c
Execute Anonymous:     WHERE Auctifera__Shop_Item__c = :shopItem.Id
Execute Anonymous:     ORDER BY Auctifera__Effective_At__c ASC, CreatedDate ASC
Execute Anonymous: ];
Execute Anonymous: System.debug('=== SH-1174 S5 :: ANTES DEL AJUSTE ===');
Execute Anonymous: System.debug('Current_Item_Cost__c = ' + beforeAdj.Auctifera__Current_Item_Cost__c + ' (esperado 12.00)');
Execute Anonymous: System.debug('Total_Stock__c       = ' + beforeAdj.Auctifera__Total_Stock__c + ' (esperado 10)');
Execute Anonymous: for (Auctifera__Item_Cost_History__c ich : ichBefore) {
Execute Anonymous:     System.debug('ICH cost=' + ich.Auctifera__Cost__c + ' stock=' + ich.Auctifera__Stock__c +
Execute Anonymous:         ' unitCost=' + ich.Auctifera__Unit_Cost__c + ' allocExpense=' + ich.Auctifera__Allocated_Expense__c +
Execute Anonymous:         ' effectiveCost=' + ich.Auctifera__Effective_Cost__c);
Execute Anonymous: }
Execute Anonymous: 
Execute Anonymous: // ---------- INVENTORY ADJUSTMENT: merma de 3 unidades ----------
Execute Anonymous: Auctifera__Inventory_Adjustment__c adjustment = new Auctifera__Inventory_Adjustment__c(
Execute Anonymous:     Auctifera__Shop_Item__c = shopItem.Id,
Execute Anonymous:     Auctifera__Quantity__c = 3,
Execute Anonymous:     Auctifera__Type__c = 'Adjustment',
Execute Anonymous:     Auctifera__Adjustment_Reason__c = 'Damaged/Broken',
Execute Anonymous:     Auctifera__Adjustment_Date__c = Date.newInstance(2026, 3, 1)
Execute Anonymous: );
Execute Anonymous: insert adjustment;
Execute Anonymous: 
Execute Anonymous: Auctifera__CatalogItem__c afterAdj = [SELECT Auctifera__Current_Item_Cost__c, Auctifera__Total_Stock__c FROM Auctifera__CatalogItem__c WHERE Id = :shopItem.Id];
Execute Anonymous: List<Auctifera__Item_Cost_History__c> ichAfter = [
Execute Anonymous:     SELECT Auctifera__Cost__c, Auctifera__Previous_Cost__c, Auctifera__Stock__c, Auctifera__Previous_Stock__c,
Execute Anonymous:            Auctifera__Unit_Cost__c, Auctifera__Allocated_Expense__c, Auctifera__Effective_Cost__c
Execute Anonymous:     FROM Auctifera__Item_Cost_History__c
Execute Anonymous:     WHERE Auctifera__Shop_Item__c = :shopItem.Id
Execute Anonymous:     ORDER BY Auctifera__Effective_At__c ASC, CreatedDate ASC
Execute Anonymous: ];
Execute Anonymous: Auctifera__Inventory_Adjustment__c adjAfter = [
Execute Anonymous:     SELECT Auctifera__Quantity__c, Auctifera__Snapshot_Item_Cost__c, Item_Cost_History__c, Auctifera__Merchandise_Cost__c
Execute Anonymous:     FROM Auctifera__Inventory_Adjustment__c WHERE Id = :adjustment.Id
Execute Anonymous: ];
Execute Anonymous: 
Execute Anonymous: System.debug('=== SH-1174 S5 :: DESPUES DEL AJUSTE ===');
Execute Anonymous: System.debug('Current_Item_Cost__c = ' + afterAdj.Auctifera__Current_Item_Cost__c + ' (esperado 12.00, SIN cambio)');
Execute Anonymous: System.debug('Total_Stock__c       = ' + afterAdj.Auctifera__Total_Stock__c + ' (esperado 7)');
Execute Anonymous: System.debug('Ajuste: qty=' + adjAfter.Auctifera__Quantity__c + ' snapshotCost=' + adjAfter.Auctifera__Snapshot_Item_Cost__c +
Execute Anonymous:     ' ICH=' + adjAfter.Item_Cost_History__c + ' merchandiseCost=' + adjAfter.Auctifera__Merchandise_Cost__c);
Execute Anonymous: System.debug('=== CADENA ICH DESPUES (' + ichAfter.size() + ') ===');
Execute Anonymous: for (Auctifera__Item_Cost_History__c ich : ichAfter) {
Execute Anonymous:     System.debug('ICH prevCost=' + ich.Auctifera__Previous_Cost__c + ' cost=' + ich.Auctifera__Cost__c +
Execute Anonymous:         ' prevStock=' + ich.Auctifera__Previous_Stock__c + ' stock=' + ich.Auctifera__Stock__c +
Execute Anonymous:         ' unitCost=' + ich.Auctifera__Unit_Cost__c + ' allocExpense=' + ich.Auctifera__Allocated_Expense__c +
Execute Anonymous:         ' effectiveCost=' + ich.Auctifera__Effective_Cost__c);
Execute Anonymous: }
Execute Anonymous: 
Execute Anonymous: Boolean costIntact = afterAdj.Auctifera__Current_Item_Cost__c == 12.00;
Execute Anonymous: Boolean breakdownIntact = !ichAfter.isEmpty() && ichAfter[0].Auctifera__Allocated_Expense__c == 20 && ichAfter[0].Auctifera__Effective_Cost__c == 12;
Execute Anonymous: System.debug('=== VEREDICTO S5: promedio intacto=' + costIntact + ' | desglose intacto=' + breakdownIntact + ' ===');
Execute Anonymous: System.debug('Shop Item Id: ' + shopItem.Id);
07:36:21.64 (64882851)|EXECUTION_STARTED
07:36:21.64 (64926396)|CODE_UNIT_STARTED|[EXTERNAL]|execute_anonymous_apex
07:36:21.64 (117586869)|CODE_UNIT_STARTED|[EXTERNAL]|01qO900000DhT7S|Auctifera.CatalogItem_Trg on CatalogItem trigger event BeforeInsert|__sfdc_trigger/Auctifera/CatalogItem_Trg
07:36:21.209 (209849671)|CUMULATIVE_LIMIT_USAGE
07:36:21.209 (209849671)|LIMIT_USAGE_FOR_NS|(default)|
  Number of SOQL queries: 0 out of 100
  Number of query rows: 0 out of 50000
  Number of SOSL queries: 0 out of 20
  Number of DML statements: 0 out of 150
  Number of Publish Immediate DML: 0 out of 150
  Number of DML rows: 0 out of 10000
  Maximum CPU time: 0 out of 10000
  Maximum heap size: 0 out of 6000000
  Number of callouts: 0 out of 100
  Number of Email Invocations: 0 out of 10
  Number of future calls: 0 out of 50
  Number of queueable jobs added to the queue: 0 out of 50
  Number of Mobile Apex push calls: 0 out of 10

07:36:21.209 (209849671)|LIMIT_USAGE_FOR_NS|Auctifera|
  Number of SOQL queries: 3 out of 100
  Number of query rows: 4 out of 50000
  Number of SOSL queries: 0 out of 20
  Number of DML statements: 1 out of 150
  Number of Publish Immediate DML: 0 out of 150
  Number of DML rows: 1 out of 10000
  Maximum CPU time: 0 out of 10000
  Maximum heap size: 0 out of 6000000
  Number of callouts: 0 out of 100
  Number of Email Invocations: 0 out of 10
  Number of future calls: 0 out of 50
  Number of queueable jobs added to the queue: 0 out of 50
  Number of Mobile Apex push calls: 0 out of 10

07:36:21.209 (209849671)|CUMULATIVE_LIMIT_USAGE_END

07:36:21.64 (210178112)|CODE_UNIT_FINISHED|Auctifera.CatalogItem_Trg on CatalogItem trigger event BeforeInsert|__sfdc_trigger/Auctifera/CatalogItem_Trg
07:36:21.64 (216307099)|CODE_UNIT_STARTED|[EXTERNAL]|Validation:CatalogItem:new
07:36:21.64 (216518207)|CODE_UNIT_FINISHED|Validation:CatalogItem:new
07:36:21.64 (246145131)|CODE_UNIT_STARTED|[EXTERNAL]|01qO900000DhT7S|Auctifera.CatalogItem_Trg on CatalogItem trigger event AfterInsert|__sfdc_trigger/Auctifera/CatalogItem_Trg
07:36:21.64 (389398528)|CODE_UNIT_STARTED|[EXTERNAL]|01qO900000DhT7n|Auctifera.ItemVariant_Trg on Item_Variant trigger event BeforeInsert|__sfdc_trigger/Auctifera/ItemVariant_Trg
07:36:21.444 (444692795)|CUMULATIVE_LIMIT_USAGE
07:36:21.444 (444692795)|LIMIT_USAGE_FOR_NS|(default)|
  Number of SOQL queries: 0 out of 100
  Number of query rows: 0 out of 50000
  Number of SOSL queries: 0 out of 20
  Number of DML statements: 0 out of 150
  Number of Publish Immediate DML: 0 out of 150
  Number of DML rows: 0 out of 10000
  Maximum CPU time: 0 out of 10000
  Maximum heap size: 0 out of 6000000
  Number of callouts: 0 out of 100
  Number of Email Invocations: 0 out of 10
  Number of future calls: 0 out of 50
  Number of queueable jobs added to the queue: 0 out of 50
  Number of Mobile Apex push calls: 0 out of 10

07:36:21.444 (444692795)|LIMIT_USAGE_FOR_NS|Auctifera|
  Number of SOQL queries: 8 out of 100
  Number of query rows: 5 out of 50000
  Number of SOSL queries: 0 out of 20
  Number of DML statements: 2 out of 150
  Number of Publish Immediate DML: 0 out of 150
  Number of DML rows: 2 out of 10000
  Maximum CPU time: 170 out of 10000
  Maximum heap size: 0 out of 6000000
  Number of callouts: 0 out of 100
  Number of Email Invocations: 0 out of 10
  Number of future calls: 0 out of 50
  Number of queueable jobs added to the queue: 0 out of 50
  Number of Mobile Apex push calls: 0 out of 10

07:36:21.444 (444692795)|CUMULATIVE_LIMIT_USAGE_END

07:36:21.64 (444880375)|CODE_UNIT_FINISHED|Auctifera.ItemVariant_Trg on Item_Variant trigger event BeforeInsert|__sfdc_trigger/Auctifera/ItemVariant_Trg
07:36:21.64 (449007597)|CODE_UNIT_STARTED|[EXTERNAL]|Validation:Item_Variant:new
07:36:21.64 (449252111)|CODE_UNIT_FINISHED|Validation:Item_Variant:new
07:36:21.64 (479746100)|CODE_UNIT_STARTED|[EXTERNAL]|01qO900000DhT7n|Auctifera.ItemVariant_Trg on Item_Variant trigger event AfterInsert|__sfdc_trigger/Auctifera/ItemVariant_Trg
07:36:21.507 (507393019)|CUMULATIVE_LIMIT_USAGE
07:36:21.507 (507393019)|LIMIT_USAGE_FOR_NS|(default)|
  Number of SOQL queries: 0 out of 100
  Number of query rows: 0 out of 50000
  Number of SOSL queries: 0 out of 20
  Number of DML statements: 0 out of 150
  Number of Publish Immediate DML: 0 out of 150
  Number of DML rows: 0 out of 10000
  Maximum CPU time: 0 out of 10000
  Maximum heap size: 0 out of 6000000
  Number of callouts: 0 out of 100
  Number of Email Invocations: 0 out of 10
  Number of future calls: 0 out of 50
  Number of queueable jobs added to the queue: 0 out of 50
  Number of Mobile Apex push calls: 0 out of 10

07:36:21.507 (507393019)|LIMIT_USAGE_FOR_NS|Auctifera|
  Number of SOQL queries: 9 out of 100
  Number of query rows: 6 out of 50000
  Number of SOSL queries: 0 out of 20
  Number of DML statements: 2 out of 150
  Number of Publish Immediate DML: 0 out of 150
  Number of DML rows: 2 out of 10000
  Maximum CPU time: 170 out of 10000
  Maximum heap size: 0 out of 6000000
  Number of callouts: 0 out of 100
  Number of Email Invocations: 0 out of 10
  Number of future calls: 0 out of 50
  Number of queueable jobs added to the queue: 0 out of 50
  Number of Mobile Apex push calls: 0 out of 10

07:36:21.507 (507393019)|CUMULATIVE_LIMIT_USAGE_END

07:36:21.64 (507676126)|CODE_UNIT_FINISHED|Auctifera.ItemVariant_Trg on Item_Variant trigger event AfterInsert|__sfdc_trigger/Auctifera/ItemVariant_Trg
07:36:21.537 (537265695)|CUMULATIVE_LIMIT_USAGE
07:36:21.537 (537265695)|LIMIT_USAGE_FOR_NS|(default)|
  Number of SOQL queries: 0 out of 100
  Number of query rows: 0 out of 50000
  Number of SOSL queries: 0 out of 20
  Number of DML statements: 0 out of 150
  Number of Publish Immediate DML: 0 out of 150
  Number of DML rows: 0 out of 10000
  Maximum CPU time: 0 out of 10000
  Maximum heap size: 0 out of 6000000
  Number of callouts: 0 out of 100
  Number of Email Invocations: 0 out of 10
  Number of future calls: 0 out of 50
  Number of queueable jobs added to the queue: 0 out of 50
  Number of Mobile Apex push calls: 0 out of 10

07:36:21.537 (537265695)|LIMIT_USAGE_FOR_NS|Auctifera|
  Number of SOQL queries: 9 out of 100
  Number of query rows: 6 out of 50000
  Number of SOSL queries: 0 out of 20
  Number of DML statements: 2 out of 150
  Number of Publish Immediate DML: 0 out of 150
  Number of DML rows: 2 out of 10000
  Maximum CPU time: 170 out of 10000
  Maximum heap size: 0 out of 6000000
  Number of callouts: 0 out of 100
  Number of Email Invocations: 0 out of 10
  Number of future calls: 1 out of 50
  Number of queueable jobs added to the queue: 0 out of 50
  Number of Mobile Apex push calls: 0 out of 10

07:36:21.537 (537265695)|CUMULATIVE_LIMIT_USAGE_END

07:36:21.64 (537486682)|CODE_UNIT_FINISHED|Auctifera.CatalogItem_Trg on CatalogItem trigger event AfterInsert|__sfdc_trigger/Auctifera/CatalogItem_Trg
07:36:21.64 (538490489)|CODE_UNIT_STARTED|[EXTERNAL]|Workflow:01IO900000jh7ZY
07:36:21.64 (552355796)|CODE_UNIT_FINISHED|Workflow:01IO900000jh7ZY
07:36:21.64 (600872448)|CODE_UNIT_STARTED|[EXTERNAL]|01qO900000DhT81|Auctifera.PurchaseOrderExpense_Trg on Purchase_Order_Expense trigger event BeforeInsert|__sfdc_trigger/Auctifera/PurchaseOrderExpense_Trg
07:36:21.612 (612012441)|CUMULATIVE_LIMIT_USAGE
07:36:21.612 (612012441)|LIMIT_USAGE_FOR_NS|(default)|
  Number of SOQL queries: 0 out of 100
  Number of query rows: 0 out of 50000
  Number of SOSL queries: 0 out of 20
  Number of DML statements: 0 out of 150
  Number of Publish Immediate DML: 0 out of 150
  Number of DML rows: 0 out of 10000
  Maximum CPU time: 0 out of 10000
  Maximum heap size: 0 out of 6000000
  Number of callouts: 0 out of 100
  Number of Email Invocations: 0 out of 10
  Number of future calls: 0 out of 50
  Number of queueable jobs added to the queue: 0 out of 50
  Number of Mobile Apex push calls: 0 out of 10

07:36:21.612 (612012441)|LIMIT_USAGE_FOR_NS|Auctifera|
  Number of SOQL queries: 10 out of 100
  Number of query rows: 6 out of 50000
  Number of SOSL queries: 0 out of 20
  Number of DML statements: 4 out of 150
  Number of Publish Immediate DML: 0 out of 150
  Number of DML rows: 4 out of 10000
  Maximum CPU time: 170 out of 10000
  Maximum heap size: 0 out of 6000000
  Number of callouts: 0 out of 100
  Number of Email Invocations: 0 out of 10
  Number of future calls: 1 out of 50
  Number of queueable jobs added to the queue: 0 out of 50
  Number of Mobile Apex push calls: 0 out of 10

07:36:21.612 (612012441)|CUMULATIVE_LIMIT_USAGE_END

07:36:21.64 (612248515)|CODE_UNIT_FINISHED|Auctifera.PurchaseOrderExpense_Trg on Purchase_Order_Expense trigger event BeforeInsert|__sfdc_trigger/Auctifera/PurchaseOrderExpense_Trg
07:36:21.64 (619877439)|CODE_UNIT_STARTED|[EXTERNAL]|Validation:Purchase_Order_Expense:new
07:36:21.64 (619995377)|CODE_UNIT_FINISHED|Validation:Purchase_Order_Expense:new
07:36:21.64 (650749749)|CODE_UNIT_STARTED|[EXTERNAL]|01qO900000DhT82|Auctifera.PurchaseOrder_Trg on Purchase_Order trigger event AfterUpdate|__sfdc_trigger/Auctifera/PurchaseOrder_Trg
07:36:21.669 (669898851)|CUMULATIVE_LIMIT_USAGE
07:36:21.669 (669898851)|LIMIT_USAGE_FOR_NS|(default)|
  Number of SOQL queries: 0 out of 100
  Number of query rows: 0 out of 50000
  Number of SOSL queries: 0 out of 20
  Number of DML statements: 0 out of 150
  Number of Publish Immediate DML: 0 out of 150
  Number of DML rows: 0 out of 10000
  Maximum CPU time: 0 out of 10000
  Maximum heap size: 0 out of 6000000
  Number of callouts: 0 out of 100
  Number of Email Invocations: 0 out of 10
  Number of future calls: 0 out of 50
  Number of queueable jobs added to the queue: 0 out of 50
  Number of Mobile Apex push calls: 0 out of 10

07:36:21.669 (669898851)|LIMIT_USAGE_FOR_NS|Auctifera|
  Number of SOQL queries: 11 out of 100
  Number of query rows: 6 out of 50000
  Number of SOSL queries: 0 out of 20
  Number of DML statements: 4 out of 150
  Number of Publish Immediate DML: 0 out of 150
  Number of DML rows: 4 out of 10000
  Maximum CPU time: 263 out of 10000
  Maximum heap size: 0 out of 6000000
  Number of callouts: 0 out of 100
  Number of Email Invocations: 0 out of 10
  Number of future calls: 1 out of 50
  Number of queueable jobs added to the queue: 0 out of 50
  Number of Mobile Apex push calls: 0 out of 10

07:36:21.669 (669898851)|CUMULATIVE_LIMIT_USAGE_END

07:36:21.64 (670103901)|CODE_UNIT_FINISHED|Auctifera.PurchaseOrder_Trg on Purchase_Order trigger event AfterUpdate|__sfdc_trigger/Auctifera/PurchaseOrder_Trg
07:36:21.64 (684413746)|CODE_UNIT_STARTED|[EXTERNAL]|01qO900000DhT8M|Auctifera.StockReplenishmentOrder on StockReplenishmentOrder trigger event BeforeInsert|__sfdc_trigger/Auctifera/StockReplenishmentOrder
07:36:21.64 (770407967)|CODE_UNIT_STARTED|[EXTERNAL]|01qO900000DhT7m|Auctifera.ItemPerLocation_Trg on Item_per_location trigger event BeforeInsert|__sfdc_trigger/Auctifera/ItemPerLocation_Trg
07:36:21.798 (798466912)|CUMULATIVE_LIMIT_USAGE
07:36:21.798 (798466912)|LIMIT_USAGE_FOR_NS|(default)|
  Number of SOQL queries: 0 out of 100
  Number of query rows: 0 out of 50000
  Number of SOSL queries: 0 out of 20
  Number of DML statements: 0 out of 150
  Number of Publish Immediate DML: 0 out of 150
  Number of DML rows: 0 out of 10000
  Maximum CPU time: 0 out of 10000
  Maximum heap size: 0 out of 6000000
  Number of callouts: 0 out of 100
  Number of Email Invocations: 0 out of 10
  Number of future calls: 0 out of 50
  Number of queueable jobs added to the queue: 0 out of 50
  Number of Mobile Apex push calls: 0 out of 10

07:36:21.798 (798466912)|LIMIT_USAGE_FOR_NS|Auctifera|
  Number of SOQL queries: 18 out of 100
  Number of query rows: 11 out of 50000
  Number of SOSL queries: 0 out of 20
  Number of DML statements: 6 out of 150
  Number of Publish Immediate DML: 0 out of 150
  Number of DML rows: 6 out of 10000
  Maximum CPU time: 263 out of 10000
  Maximum heap size: 0 out of 6000000
  Number of callouts: 0 out of 100
  Number of Email Invocations: 0 out of 10
  Number of future calls: 1 out of 50
  Number of queueable jobs added to the queue: 0 out of 50
  Number of Mobile Apex push calls: 0 out of 10

07:36:21.798 (798466912)|CUMULATIVE_LIMIT_USAGE_END

07:36:21.64 (798821598)|CODE_UNIT_FINISHED|Auctifera.ItemPerLocation_Trg on Item_per_location trigger event BeforeInsert|__sfdc_trigger/Auctifera/ItemPerLocation_Trg
07:36:21.837 (837160286)|CUMULATIVE_LIMIT_USAGE
07:36:21.837 (837160286)|LIMIT_USAGE_FOR_NS|(default)|
  Number of SOQL queries: 0 out of 100
  Number of query rows: 0 out of 50000
  Number of SOSL queries: 0 out of 20
  Number of DML statements: 0 out of 150
  Number of Publish Immediate DML: 0 out of 150
  Number of DML rows: 0 out of 10000
  Maximum CPU time: 0 out of 10000
  Maximum heap size: 0 out of 6000000
  Number of callouts: 0 out of 100
  Number of Email Invocations: 0 out of 10
  Number of future calls: 0 out of 50
  Number of queueable jobs added to the queue: 0 out of 50
  Number of Mobile Apex push calls: 0 out of 10

07:36:21.837 (837160286)|LIMIT_USAGE_FOR_NS|Auctifera|
  Number of SOQL queries: 18 out of 100
  Number of query rows: 11 out of 50000
  Number of SOSL queries: 0 out of 20
  Number of DML statements: 6 out of 150
  Number of Publish Immediate DML: 0 out of 150
  Number of DML rows: 6 out of 10000
  Maximum CPU time: 263 out of 10000
  Maximum heap size: 0 out of 6000000
  Number of callouts: 0 out of 100
  Number of Email Invocations: 0 out of 10
  Number of future calls: 1 out of 50
  Number of queueable jobs added to the queue: 0 out of 50
  Number of Mobile Apex push calls: 0 out of 10

07:36:21.837 (837160286)|CUMULATIVE_LIMIT_USAGE_END

07:36:21.64 (837536425)|CODE_UNIT_FINISHED|Auctifera.StockReplenishmentOrder on StockReplenishmentOrder trigger event BeforeInsert|__sfdc_trigger/Auctifera/StockReplenishmentOrder
07:36:21.64 (849007630)|CODE_UNIT_STARTED|[EXTERNAL]|Validation:StockReplenishmentOrder:new
07:36:21.64 (849100282)|CODE_UNIT_FINISHED|Validation:StockReplenishmentOrder:new
07:36:21.64 (874811557)|CODE_UNIT_STARTED|[EXTERNAL]|01qO900000DhT8M|Auctifera.StockReplenishmentOrder on StockReplenishmentOrder trigger event AfterInsert|__sfdc_trigger/Auctifera/StockReplenishmentOrder
07:36:21.64 (937168720)|CODE_UNIT_STARTED|[EXTERNAL]|01qO900000DhT82|Auctifera.PurchaseOrder_Trg on Purchase_Order trigger event AfterUpdate|__sfdc_trigger/Auctifera/PurchaseOrder_Trg
07:36:21.956 (956060493)|CUMULATIVE_LIMIT_USAGE
07:36:21.956 (956060493)|LIMIT_USAGE_FOR_NS|(default)|
  Number of SOQL queries: 0 out of 100
  Number of query rows: 0 out of 50000
  Number of SOSL queries: 0 out of 20
  Number of DML statements: 0 out of 150
  Number of Publish Immediate DML: 0 out of 150
  Number of DML rows: 0 out of 10000
  Maximum CPU time: 0 out of 10000
  Maximum heap size: 0 out of 6000000
  Number of callouts: 0 out of 100
  Number of Email Invocations: 0 out of 10
  Number of future calls: 0 out of 50
  Number of queueable jobs added to the queue: 0 out of 50
  Number of Mobile Apex push calls: 0 out of 10

07:36:21.956 (956060493)|LIMIT_USAGE_FOR_NS|Auctifera|
  Number of SOQL queries: 21 out of 100
  Number of query rows: 12 out of 50000
  Number of SOSL queries: 0 out of 20
  Number of DML statements: 7 out of 150
  Number of Publish Immediate DML: 0 out of 150
  Number of DML rows: 7 out of 10000
  Maximum CPU time: 394 out of 10000
  Maximum heap size: 0 out of 6000000
  Number of callouts: 0 out of 100
  Number of Email Invocations: 0 out of 10
  Number of future calls: 1 out of 50
  Number of queueable jobs added to the queue: 0 out of 50
  Number of Mobile Apex push calls: 0 out of 10

07:36:21.956 (956060493)|CUMULATIVE_LIMIT_USAGE_END

07:36:21.64 (956293700)|CODE_UNIT_FINISHED|Auctifera.PurchaseOrder_Trg on Purchase_Order trigger event AfterUpdate|__sfdc_trigger/Auctifera/PurchaseOrder_Trg
07:36:21.64 (986330622)|CODE_UNIT_STARTED|[EXTERNAL]|01qO900000DhT7m|Auctifera.ItemPerLocation_Trg on Item_per_location trigger event BeforeUpdate|__sfdc_trigger/Auctifera/ItemPerLocation_Trg
07:36:21.997 (997430334)|CUMULATIVE_LIMIT_USAGE
07:36:21.997 (997430334)|LIMIT_USAGE_FOR_NS|(default)|
  Number of SOQL queries: 0 out of 100
  Number of query rows: 0 out of 50000
  Number of SOSL queries: 0 out of 20
  Number of DML statements: 0 out of 150
  Number of Publish Immediate DML: 0 out of 150
  Number of DML rows: 0 out of 10000
  Maximum CPU time: 0 out of 10000
  Maximum heap size: 0 out of 6000000
  Number of callouts: 0 out of 100
  Number of Email Invocations: 0 out of 10
  Number of future calls: 0 out of 50
  Number of queueable jobs added to the queue: 0 out of 50
  Number of Mobile Apex push calls: 0 out of 10

07:36:21.997 (997430334)|LIMIT_USAGE_FOR_NS|Auctifera|
  Number of SOQL queries: 23 out of 100
  Number of query rows: 12 out of 50000
  Number of SOSL queries: 0 out of 20
  Number of DML statements: 8 out of 150
  Number of Publish Immediate DML: 0 out of 150
  Number of DML rows: 8 out of 10000
  Maximum CPU time: 394 out of 10000
  Maximum heap size: 0 out of 6000000
  Number of callouts: 0 out of 100
  Number of Email Invocations: 0 out of 10
  Number of future calls: 1 out of 50
  Number of queueable jobs added to the queue: 0 out of 50
  Number of Mobile Apex push calls: 0 out of 10

07:36:21.997 (997430334)|CUMULATIVE_LIMIT_USAGE_END

07:36:21.64 (997623515)|CODE_UNIT_FINISHED|Auctifera.ItemPerLocation_Trg on Item_per_location trigger event BeforeUpdate|__sfdc_trigger/Auctifera/ItemPerLocation_Trg
07:36:21.64 (1012625134)|CODE_UNIT_STARTED|[EXTERNAL]|01qO900000DhT7m|Auctifera.ItemPerLocation_Trg on Item_per_location trigger event AfterUpdate|__sfdc_trigger/Auctifera/ItemPerLocation_Trg
07:36:22.17 (1017925725)|CUMULATIVE_LIMIT_USAGE
07:36:22.17 (1017925725)|LIMIT_USAGE_FOR_NS|(default)|
  Number of SOQL queries: 0 out of 100
  Number of query rows: 0 out of 50000
  Number of SOSL queries: 0 out of 20
  Number of DML statements: 0 out of 150
  Number of Publish Immediate DML: 0 out of 150
  Number of DML rows: 0 out of 10000
  Maximum CPU time: 0 out of 10000
  Maximum heap size: 0 out of 6000000
  Number of callouts: 0 out of 100
  Number of Email Invocations: 0 out of 10
  Number of future calls: 0 out of 50
  Number of queueable jobs added to the queue: 0 out of 50
  Number of Mobile Apex push calls: 0 out of 10

07:36:22.17 (1017925725)|LIMIT_USAGE_FOR_NS|Auctifera|
  Number of SOQL queries: 23 out of 100
  Number of query rows: 12 out of 50000
  Number of SOSL queries: 0 out of 20
  Number of DML statements: 8 out of 150
  Number of Publish Immediate DML: 0 out of 150
  Number of DML rows: 8 out of 10000
  Maximum CPU time: 394 out of 10000
  Maximum heap size: 0 out of 6000000
  Number of callouts: 0 out of 100
  Number of Email Invocations: 0 out of 10
  Number of future calls: 1 out of 50
  Number of queueable jobs added to the queue: 0 out of 50
  Number of Mobile Apex push calls: 0 out of 10

07:36:22.17 (1017925725)|CUMULATIVE_LIMIT_USAGE_END

07:36:21.64 (1018132376)|CODE_UNIT_FINISHED|Auctifera.ItemPerLocation_Trg on Item_per_location trigger event AfterUpdate|__sfdc_trigger/Auctifera/ItemPerLocation_Trg
07:36:22.147 (1147934795)|CUMULATIVE_LIMIT_USAGE
07:36:22.147 (1147934795)|LIMIT_USAGE_FOR_NS|(default)|
  Number of SOQL queries: 0 out of 100
  Number of query rows: 0 out of 50000
  Number of SOSL queries: 0 out of 20
  Number of DML statements: 0 out of 150
  Number of Publish Immediate DML: 0 out of 150
  Number of DML rows: 0 out of 10000
  Maximum CPU time: 0 out of 10000
  Maximum heap size: 0 out of 6000000
  Number of callouts: 0 out of 100
  Number of Email Invocations: 0 out of 10
  Number of future calls: 0 out of 50
  Number of queueable jobs added to the queue: 0 out of 50
  Number of Mobile Apex push calls: 0 out of 10

07:36:22.147 (1147934795)|LIMIT_USAGE_FOR_NS|Auctifera|
  Number of SOQL queries: 29 out of 100
  Number of query rows: 14 out of 50000
  Number of SOSL queries: 0 out of 20
  Number of DML statements: 8 out of 150
  Number of Publish Immediate DML: 0 out of 150
  Number of DML rows: 8 out of 10000
  Maximum CPU time: 394 out of 10000
  Maximum heap size: 0 out of 6000000
  Number of callouts: 0 out of 100
  Number of Email Invocations: 0 out of 10
  Number of future calls: 1 out of 50
  Number of queueable jobs added to the queue: 0 out of 50
  Number of Mobile Apex push calls: 0 out of 10

07:36:22.147 (1147934795)|CUMULATIVE_LIMIT_USAGE_END

07:36:22.148 (1148156578)|CODE_UNIT_FINISHED|Auctifera.StockReplenishmentOrder on StockReplenishmentOrder trigger event AfterInsert|__sfdc_trigger/Auctifera/StockReplenishmentOrder
07:36:22.148 (1166977145)|CODE_UNIT_STARTED|[EXTERNAL]|01qO900000DhT8M|Auctifera.StockReplenishmentOrder on StockReplenishmentOrder trigger event BeforeUpdate|__sfdc_trigger/Auctifera/StockReplenishmentOrder
07:36:22.174 (1174362555)|CUMULATIVE_LIMIT_USAGE
07:36:22.174 (1174362555)|LIMIT_USAGE_FOR_NS|(default)|
  Number of SOQL queries: 0 out of 100
  Number of query rows: 0 out of 50000
  Number of SOSL queries: 0 out of 20
  Number of DML statements: 0 out of 150
  Number of Publish Immediate DML: 0 out of 150
  Number of DML rows: 0 out of 10000
  Maximum CPU time: 0 out of 10000
  Maximum heap size: 0 out of 6000000
  Number of callouts: 0 out of 100
  Number of Email Invocations: 0 out of 10
  Number of future calls: 0 out of 50
  Number of queueable jobs added to the queue: 0 out of 50
  Number of Mobile Apex push calls: 0 out of 10

07:36:22.174 (1174362555)|LIMIT_USAGE_FOR_NS|Auctifera|
  Number of SOQL queries: 29 out of 100
  Number of query rows: 14 out of 50000
  Number of SOSL queries: 0 out of 20
  Number of DML statements: 9 out of 150
  Number of Publish Immediate DML: 0 out of 150
  Number of DML rows: 9 out of 10000
  Maximum CPU time: 525 out of 10000
  Maximum heap size: 0 out of 6000000
  Number of callouts: 0 out of 100
  Number of Email Invocations: 0 out of 10
  Number of future calls: 1 out of 50
  Number of queueable jobs added to the queue: 0 out of 50
  Number of Mobile Apex push calls: 0 out of 10

07:36:22.174 (1174362555)|CUMULATIVE_LIMIT_USAGE_END

07:36:22.148 (1174528674)|CODE_UNIT_FINISHED|Auctifera.StockReplenishmentOrder on StockReplenishmentOrder trigger event BeforeUpdate|__sfdc_trigger/Auctifera/StockReplenishmentOrder
07:36:22.148 (1176515317)|CODE_UNIT_STARTED|[EXTERNAL]|Validation:StockReplenishmentOrder:a2EO9000003FQbZ
07:36:22.148 (1176570942)|CODE_UNIT_FINISHED|Validation:StockReplenishmentOrder:a2EO9000003FQbZ
07:36:22.148 (1191108133)|CODE_UNIT_STARTED|[EXTERNAL]|01qO900000DhT8M|Auctifera.StockReplenishmentOrder on StockReplenishmentOrder trigger event AfterUpdate|__sfdc_trigger/Auctifera/StockReplenishmentOrder
07:36:22.148 (1224574420)|CODE_UNIT_STARTED|[EXTERNAL]|01qO900000DhT7m|Auctifera.ItemPerLocation_Trg on Item_per_location trigger event BeforeUpdate|__sfdc_trigger/Auctifera/ItemPerLocation_Trg
07:36:22.239 (1239434467)|CUMULATIVE_LIMIT_USAGE
07:36:22.239 (1239434467)|LIMIT_USAGE_FOR_NS|(default)|
  Number of SOQL queries: 0 out of 100
  Number of query rows: 0 out of 50000
  Number of SOSL queries: 0 out of 20
  Number of DML statements: 0 out of 150
  Number of Publish Immediate DML: 0 out of 150
  Number of DML rows: 0 out of 10000
  Maximum CPU time: 0 out of 10000
  Maximum heap size: 0 out of 6000000
  Number of callouts: 0 out of 100
  Number of Email Invocations: 0 out of 10
  Number of future calls: 0 out of 50
  Number of queueable jobs added to the queue: 0 out of 50
  Number of Mobile Apex push calls: 0 out of 10

07:36:22.239 (1239434467)|LIMIT_USAGE_FOR_NS|Auctifera|
  Number of SOQL queries: 32 out of 100
  Number of query rows: 15 out of 50000
  Number of SOSL queries: 0 out of 20
  Number of DML statements: 10 out of 150
  Number of Publish Immediate DML: 0 out of 150
  Number of DML rows: 10 out of 10000
  Maximum CPU time: 525 out of 10000
  Maximum heap size: 0 out of 6000000
  Number of callouts: 0 out of 100
  Number of Email Invocations: 0 out of 10
  Number of future calls: 1 out of 50
  Number of queueable jobs added to the queue: 0 out of 50
  Number of Mobile Apex push calls: 0 out of 10

07:36:22.239 (1239434467)|CUMULATIVE_LIMIT_USAGE_END

07:36:22.148 (1239733574)|CODE_UNIT_FINISHED|Auctifera.ItemPerLocation_Trg on Item_per_location trigger event BeforeUpdate|__sfdc_trigger/Auctifera/ItemPerLocation_Trg
07:36:22.148 (1256111352)|CODE_UNIT_STARTED|[EXTERNAL]|01qO900000DhT7m|Auctifera.ItemPerLocation_Trg on Item_per_location trigger event AfterUpdate|__sfdc_trigger/Auctifera/ItemPerLocation_Trg
07:36:22.260 (1260350680)|CUMULATIVE_LIMIT_USAGE
07:36:22.260 (1260350680)|LIMIT_USAGE_FOR_NS|(default)|
  Number of SOQL queries: 0 out of 100
  Number of query rows: 0 out of 50000
  Number of SOSL queries: 0 out of 20
  Number of DML statements: 0 out of 150
  Number of Publish Immediate DML: 0 out of 150
  Number of DML rows: 0 out of 10000
  Maximum CPU time: 0 out of 10000
  Maximum heap size: 0 out of 6000000
  Number of callouts: 0 out of 100
  Number of Email Invocations: 0 out of 10
  Number of future calls: 0 out of 50
  Number of queueable jobs added to the queue: 0 out of 50
  Number of Mobile Apex push calls: 0 out of 10

07:36:22.260 (1260350680)|LIMIT_USAGE_FOR_NS|Auctifera|
  Number of SOQL queries: 32 out of 100
  Number of query rows: 15 out of 50000
  Number of SOSL queries: 0 out of 20
  Number of DML statements: 10 out of 150
  Number of Publish Immediate DML: 0 out of 150
  Number of DML rows: 10 out of 10000
  Maximum CPU time: 525 out of 10000
  Maximum heap size: 0 out of 6000000
  Number of callouts: 0 out of 100
  Number of Email Invocations: 0 out of 10
  Number of future calls: 1 out of 50
  Number of queueable jobs added to the queue: 0 out of 50
  Number of Mobile Apex push calls: 0 out of 10

07:36:22.260 (1260350680)|CUMULATIVE_LIMIT_USAGE_END

07:36:22.148 (1260532714)|CODE_UNIT_FINISHED|Auctifera.ItemPerLocation_Trg on Item_per_location trigger event AfterUpdate|__sfdc_trigger/Auctifera/ItemPerLocation_Trg
07:36:22.148 (1362923680)|CODE_UNIT_STARTED|[EXTERNAL]|01qO900000DhT7S|Auctifera.CatalogItem_Trg on CatalogItem trigger event BeforeUpdate|__sfdc_trigger/Auctifera/CatalogItem_Trg
07:36:22.378 (1378905586)|CUMULATIVE_LIMIT_USAGE
07:36:22.378 (1378905586)|LIMIT_USAGE_FOR_NS|(default)|
  Number of SOQL queries: 0 out of 100
  Number of query rows: 0 out of 50000
  Number of SOSL queries: 0 out of 20
  Number of DML statements: 0 out of 150
  Number of Publish Immediate DML: 0 out of 150
  Number of DML rows: 0 out of 10000
  Maximum CPU time: 0 out of 10000
  Maximum heap size: 0 out of 6000000
  Number of callouts: 0 out of 100
  Number of Email Invocations: 0 out of 10
  Number of future calls: 0 out of 50
  Number of queueable jobs added to the queue: 0 out of 50
  Number of Mobile Apex push calls: 0 out of 10

07:36:22.378 (1378905586)|LIMIT_USAGE_FOR_NS|Auctifera|
  Number of SOQL queries: 34 out of 100
  Number of query rows: 17 out of 50000
  Number of SOSL queries: 0 out of 20
  Number of DML statements: 12 out of 150
  Number of Publish Immediate DML: 0 out of 150
  Number of DML rows: 12 out of 10000
  Maximum CPU time: 525 out of 10000
  Maximum heap size: 0 out of 6000000
  Number of callouts: 0 out of 100
  Number of Email Invocations: 0 out of 10
  Number of future calls: 1 out of 50
  Number of queueable jobs added to the queue: 0 out of 50
  Number of Mobile Apex push calls: 0 out of 10

07:36:22.378 (1378905586)|CUMULATIVE_LIMIT_USAGE_END

07:36:22.148 (1379092398)|CODE_UNIT_FINISHED|Auctifera.CatalogItem_Trg on CatalogItem trigger event BeforeUpdate|__sfdc_trigger/Auctifera/CatalogItem_Trg
07:36:22.148 (1383635085)|CODE_UNIT_STARTED|[EXTERNAL]|Validation:CatalogItem:a0SO9000008kuIj
07:36:22.148 (1383821495)|CODE_UNIT_FINISHED|Validation:CatalogItem:a0SO9000008kuIj
07:36:22.148 (1395959627)|CODE_UNIT_STARTED|[EXTERNAL]|01qO900000DhT7S|Auctifera.CatalogItem_Trg on CatalogItem trigger event AfterUpdate|__sfdc_trigger/Auctifera/CatalogItem_Trg
07:36:22.467 (1467694191)|CUMULATIVE_LIMIT_USAGE
07:36:22.467 (1467694191)|LIMIT_USAGE_FOR_NS|(default)|
  Number of SOQL queries: 0 out of 100
  Number of query rows: 0 out of 50000
  Number of SOSL queries: 0 out of 20
  Number of DML statements: 0 out of 150
  Number of Publish Immediate DML: 0 out of 150
  Number of DML rows: 0 out of 10000
  Maximum CPU time: 0 out of 10000
  Maximum heap size: 0 out of 6000000
  Number of callouts: 0 out of 100
  Number of Email Invocations: 0 out of 10
  Number of future calls: 0 out of 50
  Number of queueable jobs added to the queue: 0 out of 50
  Number of Mobile Apex push calls: 0 out of 10

07:36:22.467 (1467694191)|LIMIT_USAGE_FOR_NS|Auctifera|
  Number of SOQL queries: 34 out of 100
  Number of query rows: 17 out of 50000
  Number of SOSL queries: 0 out of 20
  Number of DML statements: 12 out of 150
  Number of Publish Immediate DML: 0 out of 150
  Number of DML rows: 12 out of 10000
  Maximum CPU time: 525 out of 10000
  Maximum heap size: 0 out of 6000000
  Number of callouts: 0 out of 100
  Number of Email Invocations: 0 out of 10
  Number of future calls: 3 out of 50
  Number of queueable jobs added to the queue: 0 out of 50
  Number of Mobile Apex push calls: 0 out of 10

07:36:22.467 (1467694191)|CUMULATIVE_LIMIT_USAGE_END

07:36:22.148 (1467891314)|CODE_UNIT_FINISHED|Auctifera.CatalogItem_Trg on CatalogItem trigger event AfterUpdate|__sfdc_trigger/Auctifera/CatalogItem_Trg
07:36:22.148 (1468010726)|CODE_UNIT_STARTED|[EXTERNAL]|Workflow:01IO900000jh7ZY
07:36:22.148 (1476131290)|CODE_UNIT_FINISHED|Workflow:01IO900000jh7ZY
07:36:22.148 (1526899843)|CODE_UNIT_STARTED|[EXTERNAL]|01qO900000DhT7S|Auctifera.CatalogItem_Trg on CatalogItem trigger event BeforeUpdate|__sfdc_trigger/Auctifera/CatalogItem_Trg
07:36:22.546 (1546959534)|CUMULATIVE_LIMIT_USAGE
07:36:22.546 (1546959534)|LIMIT_USAGE_FOR_NS|(default)|
  Number of SOQL queries: 0 out of 100
  Number of query rows: 0 out of 50000
  Number of SOSL queries: 0 out of 20
  Number of DML statements: 0 out of 150
  Number of Publish Immediate DML: 0 out of 150
  Number of DML rows: 0 out of 10000
  Maximum CPU time: 0 out of 10000
  Maximum heap size: 0 out of 6000000
  Number of callouts: 0 out of 100
  Number of Email Invocations: 0 out of 10
  Number of future calls: 0 out of 50
  Number of queueable jobs added to the queue: 0 out of 50
  Number of Mobile Apex push calls: 0 out of 10

07:36:22.546 (1546959534)|LIMIT_USAGE_FOR_NS|Auctifera|
  Number of SOQL queries: 38 out of 100
  Number of query rows: 21 out of 50000
  Number of SOSL queries: 0 out of 20
  Number of DML statements: 13 out of 150
  Number of Publish Immediate DML: 0 out of 150
  Number of DML rows: 13 out of 10000
  Maximum CPU time: 678 out of 10000
  Maximum heap size: 0 out of 6000000
  Number of callouts: 0 out of 100
  Number of Email Invocations: 0 out of 10
  Number of future calls: 3 out of 50
  Number of queueable jobs added to the queue: 0 out of 50
  Number of Mobile Apex push calls: 0 out of 10

07:36:22.546 (1546959534)|CUMULATIVE_LIMIT_USAGE_END

07:36:22.148 (1547192857)|CODE_UNIT_FINISHED|Auctifera.CatalogItem_Trg on CatalogItem trigger event BeforeUpdate|__sfdc_trigger/Auctifera/CatalogItem_Trg
07:36:22.148 (1548456280)|CODE_UNIT_STARTED|[EXTERNAL]|Validation:CatalogItem:a0SO9000008kuIj
07:36:22.148 (1548613069)|CODE_UNIT_FINISHED|Validation:CatalogItem:a0SO9000008kuIj
07:36:22.148 (1557988288)|CODE_UNIT_STARTED|[EXTERNAL]|01qO900000DhT7S|Auctifera.CatalogItem_Trg on CatalogItem trigger event AfterUpdate|__sfdc_trigger/Auctifera/CatalogItem_Trg
07:36:22.618 (1618623842)|CUMULATIVE_LIMIT_USAGE
07:36:22.618 (1618623842)|LIMIT_USAGE_FOR_NS|(default)|
  Number of SOQL queries: 0 out of 100
  Number of query rows: 0 out of 50000
  Number of SOSL queries: 0 out of 20
  Number of DML statements: 0 out of 150
  Number of Publish Immediate DML: 0 out of 150
  Number of DML rows: 0 out of 10000
  Maximum CPU time: 0 out of 10000
  Maximum heap size: 0 out of 6000000
  Number of callouts: 0 out of 100
  Number of Email Invocations: 0 out of 10
  Number of future calls: 0 out of 50
  Number of queueable jobs added to the queue: 0 out of 50
  Number of Mobile Apex push calls: 0 out of 10

07:36:22.618 (1618623842)|LIMIT_USAGE_FOR_NS|Auctifera|
  Number of SOQL queries: 38 out of 100
  Number of query rows: 21 out of 50000
  Number of SOSL queries: 0 out of 20
  Number of DML statements: 13 out of 150
  Number of Publish Immediate DML: 0 out of 150
  Number of DML rows: 13 out of 10000
  Maximum CPU time: 678 out of 10000
  Maximum heap size: 0 out of 6000000
  Number of callouts: 0 out of 100
  Number of Email Invocations: 0 out of 10
  Number of future calls: 5 out of 50
  Number of queueable jobs added to the queue: 0 out of 50
  Number of Mobile Apex push calls: 0 out of 10

07:36:22.618 (1618623842)|CUMULATIVE_LIMIT_USAGE_END

07:36:22.148 (1618797562)|CODE_UNIT_FINISHED|Auctifera.CatalogItem_Trg on CatalogItem trigger event AfterUpdate|__sfdc_trigger/Auctifera/CatalogItem_Trg
07:36:22.148 (1618910740)|CODE_UNIT_STARTED|[EXTERNAL]|Workflow:01IO900000jh7ZY
07:36:22.148 (1627214577)|CODE_UNIT_FINISHED|Workflow:01IO900000jh7ZY
07:36:22.631 (1631074924)|CUMULATIVE_LIMIT_USAGE
07:36:22.631 (1631074924)|LIMIT_USAGE_FOR_NS|(default)|
  Number of SOQL queries: 0 out of 100
  Number of query rows: 0 out of 50000
  Number of SOSL queries: 0 out of 20
  Number of DML statements: 0 out of 150
  Number of Publish Immediate DML: 0 out of 150
  Number of DML rows: 0 out of 10000
  Maximum CPU time: 0 out of 10000
  Maximum heap size: 0 out of 6000000
  Number of callouts: 0 out of 100
  Number of Email Invocations: 0 out of 10
  Number of future calls: 0 out of 50
  Number of queueable jobs added to the queue: 0 out of 50
  Number of Mobile Apex push calls: 0 out of 10

07:36:22.631 (1631074924)|LIMIT_USAGE_FOR_NS|Auctifera|
  Number of SOQL queries: 38 out of 100
  Number of query rows: 21 out of 50000
  Number of SOSL queries: 0 out of 20
  Number of DML statements: 13 out of 150
  Number of Publish Immediate DML: 0 out of 150
  Number of DML rows: 13 out of 10000
  Maximum CPU time: 678 out of 10000
  Maximum heap size: 0 out of 6000000
  Number of callouts: 0 out of 100
  Number of Email Invocations: 0 out of 10
  Number of future calls: 5 out of 50
  Number of queueable jobs added to the queue: 0 out of 50
  Number of Mobile Apex push calls: 0 out of 10

07:36:22.631 (1631074924)|CUMULATIVE_LIMIT_USAGE_END

07:36:22.148 (1631271748)|CODE_UNIT_FINISHED|Auctifera.StockReplenishmentOrder on StockReplenishmentOrder trigger event AfterUpdate|__sfdc_trigger/Auctifera/StockReplenishmentOrder
07:36:22.148 (1642190961)|CODE_UNIT_STARTED|[EXTERNAL]|01qO900000DhT7S|Auctifera.CatalogItem_Trg on CatalogItem trigger event BeforeUpdate|__sfdc_trigger/Auctifera/CatalogItem_Trg
07:36:22.659 (1659573978)|CUMULATIVE_LIMIT_USAGE
07:36:22.659 (1659573978)|LIMIT_USAGE_FOR_NS|(default)|
  Number of SOQL queries: 0 out of 100
  Number of query rows: 0 out of 50000
  Number of SOSL queries: 0 out of 20
  Number of DML statements: 0 out of 150
  Number of Publish Immediate DML: 0 out of 150
  Number of DML rows: 0 out of 10000
  Maximum CPU time: 0 out of 10000
  Maximum heap size: 0 out of 6000000
  Number of callouts: 0 out of 100
  Number of Email Invocations: 0 out of 10
  Number of future calls: 0 out of 50
  Number of queueable jobs added to the queue: 0 out of 50
  Number of Mobile Apex push calls: 0 out of 10

07:36:22.659 (1659573978)|LIMIT_USAGE_FOR_NS|Auctifera|
  Number of SOQL queries: 38 out of 100
  Number of query rows: 21 out of 50000
  Number of SOSL queries: 0 out of 20
  Number of DML statements: 13 out of 150
  Number of Publish Immediate DML: 0 out of 150
  Number of DML rows: 13 out of 10000
  Maximum CPU time: 678 out of 10000
  Maximum heap size: 0 out of 6000000
  Number of callouts: 0 out of 100
  Number of Email Invocations: 0 out of 10
  Number of future calls: 5 out of 50
  Number of queueable jobs added to the queue: 0 out of 50
  Number of Mobile Apex push calls: 0 out of 10

07:36:22.659 (1659573978)|CUMULATIVE_LIMIT_USAGE_END

07:36:22.148 (1659762778)|CODE_UNIT_FINISHED|Auctifera.CatalogItem_Trg on CatalogItem trigger event BeforeUpdate|__sfdc_trigger/Auctifera/CatalogItem_Trg
07:36:22.148 (1660843419)|CODE_UNIT_STARTED|[EXTERNAL]|Validation:CatalogItem:a0SO9000008kuIj
07:36:22.148 (1661032897)|CODE_UNIT_FINISHED|Validation:CatalogItem:a0SO9000008kuIj
07:36:22.148 (1670552112)|CODE_UNIT_STARTED|[EXTERNAL]|01qO900000DhT7S|Auctifera.CatalogItem_Trg on CatalogItem trigger event AfterUpdate|__sfdc_trigger/Auctifera/CatalogItem_Trg
07:36:22.737 (1737284617)|CUMULATIVE_LIMIT_USAGE
07:36:22.737 (1737284617)|LIMIT_USAGE_FOR_NS|(default)|
  Number of SOQL queries: 0 out of 100
  Number of query rows: 0 out of 50000
  Number of SOSL queries: 0 out of 20
  Number of DML statements: 0 out of 150
  Number of Publish Immediate DML: 0 out of 150
  Number of DML rows: 0 out of 10000
  Maximum CPU time: 0 out of 10000
  Maximum heap size: 0 out of 6000000
  Number of callouts: 0 out of 100
  Number of Email Invocations: 0 out of 10
  Number of future calls: 0 out of 50
  Number of queueable jobs added to the queue: 0 out of 50
  Number of Mobile Apex push calls: 0 out of 10

07:36:22.737 (1737284617)|LIMIT_USAGE_FOR_NS|Auctifera|
  Number of SOQL queries: 38 out of 100
  Number of query rows: 21 out of 50000
  Number of SOSL queries: 0 out of 20
  Number of DML statements: 13 out of 150
  Number of Publish Immediate DML: 0 out of 150
  Number of DML rows: 13 out of 10000
  Maximum CPU time: 822 out of 10000
  Maximum heap size: 0 out of 6000000
  Number of callouts: 0 out of 100
  Number of Email Invocations: 0 out of 10
  Number of future calls: 7 out of 50
  Number of queueable jobs added to the queue: 0 out of 50
  Number of Mobile Apex push calls: 0 out of 10

07:36:22.737 (1737284617)|CUMULATIVE_LIMIT_USAGE_END

07:36:22.148 (1737547740)|CODE_UNIT_FINISHED|Auctifera.CatalogItem_Trg on CatalogItem trigger event AfterUpdate|__sfdc_trigger/Auctifera/CatalogItem_Trg
07:36:22.148 (1737706812)|CODE_UNIT_STARTED|[EXTERNAL]|Workflow:01IO900000jh7ZY
07:36:22.148 (1746423368)|CODE_UNIT_FINISHED|Workflow:01IO900000jh7ZY
07:36:22.148 (1784577190)|USER_DEBUG|[58]|DEBUG|=== SH-1174 S5 :: ANTES DEL AJUSTE ===
07:36:22.148 (1784708514)|USER_DEBUG|[59]|DEBUG|Current_Item_Cost__c = 12.00 (esperado 12.00)
07:36:22.148 (1784749476)|USER_DEBUG|[60]|DEBUG|Total_Stock__c       = 10 (esperado 10)
07:36:22.148 (1784924229)|USER_DEBUG|[62]|DEBUG|ICH cost=12.000000 stock=10 unitCost=10.000000 allocExpense=20.000000 effectiveCost=12.000000
07:36:25.457 (4457442543)|CODE_UNIT_STARTED|[EXTERNAL]|01qO900000DhT7k|Auctifera.InventoryAdjustment on Inventory_Adjustment trigger event BeforeInsert|__sfdc_trigger/Auctifera/InventoryAdjustment
07:36:25.811 (4811304847)|CUMULATIVE_LIMIT_USAGE
07:36:25.811 (4811304847)|LIMIT_USAGE_FOR_NS|(default)|
  Number of SOQL queries: 0 out of 100
  Number of query rows: 0 out of 50000
  Number of SOSL queries: 0 out of 20
  Number of DML statements: 0 out of 150
  Number of Publish Immediate DML: 0 out of 150
  Number of DML rows: 0 out of 10000
  Maximum CPU time: 0 out of 10000
  Maximum heap size: 0 out of 6000000
  Number of callouts: 0 out of 100
  Number of Email Invocations: 0 out of 10
  Number of future calls: 0 out of 50
  Number of queueable jobs added to the queue: 0 out of 50
  Number of Mobile Apex push calls: 0 out of 10

07:36:25.811 (4811304847)|LIMIT_USAGE_FOR_NS|Auctifera|
  Number of SOQL queries: 45 out of 100
  Number of query rows: 29 out of 50000
  Number of SOSL queries: 0 out of 20
  Number of DML statements: 14 out of 150
  Number of Publish Immediate DML: 0 out of 150
  Number of DML rows: 14 out of 10000
  Maximum CPU time: 916 out of 10000
  Maximum heap size: 0 out of 6000000
  Number of callouts: 0 out of 100
  Number of Email Invocations: 0 out of 10
  Number of future calls: 7 out of 50
  Number of queueable jobs added to the queue: 0 out of 50
  Number of Mobile Apex push calls: 0 out of 10

07:36:25.811 (4811304847)|CUMULATIVE_LIMIT_USAGE_END

07:36:25.457 (4811708792)|CODE_UNIT_FINISHED|Auctifera.InventoryAdjustment on Inventory_Adjustment trigger event BeforeInsert|__sfdc_trigger/Auctifera/InventoryAdjustment
07:36:25.457 (4874097388)|CODE_UNIT_STARTED|[EXTERNAL]|01qO900000DhT7k|Auctifera.InventoryAdjustment on Inventory_Adjustment trigger event AfterInsert|__sfdc_trigger/Auctifera/InventoryAdjustment
07:36:25.457 (4955635136)|CODE_UNIT_STARTED|[EXTERNAL]|01qO900000DhT7m|Auctifera.ItemPerLocation_Trg on Item_per_location trigger event BeforeUpdate|__sfdc_trigger/Auctifera/ItemPerLocation_Trg
07:36:25.967 (4967776975)|CUMULATIVE_LIMIT_USAGE
07:36:25.967 (4967776975)|LIMIT_USAGE_FOR_NS|(default)|
  Number of SOQL queries: 0 out of 100
  Number of query rows: 0 out of 50000
  Number of SOSL queries: 0 out of 20
  Number of DML statements: 0 out of 150
  Number of Publish Immediate DML: 0 out of 150
  Number of DML rows: 0 out of 10000
  Maximum CPU time: 0 out of 10000
  Maximum heap size: 0 out of 6000000
  Number of callouts: 0 out of 100
  Number of Email Invocations: 0 out of 10
  Number of future calls: 0 out of 50
  Number of queueable jobs added to the queue: 0 out of 50
  Number of Mobile Apex push calls: 0 out of 10

07:36:25.967 (4967776975)|LIMIT_USAGE_FOR_NS|Auctifera|
  Number of SOQL queries: 49 out of 100
  Number of query rows: 30 out of 50000
  Number of SOSL queries: 0 out of 20
  Number of DML statements: 15 out of 150
  Number of Publish Immediate DML: 0 out of 150
  Number of DML rows: 15 out of 10000
  Maximum CPU time: 916 out of 10000
  Maximum heap size: 0 out of 6000000
  Number of callouts: 0 out of 100
  Number of Email Invocations: 0 out of 10
  Number of future calls: 7 out of 50
  Number of queueable jobs added to the queue: 0 out of 50
  Number of Mobile Apex push calls: 0 out of 10

07:36:25.967 (4967776975)|CUMULATIVE_LIMIT_USAGE_END

07:36:25.457 (4968127958)|CODE_UNIT_FINISHED|Auctifera.ItemPerLocation_Trg on Item_per_location trigger event BeforeUpdate|__sfdc_trigger/Auctifera/ItemPerLocation_Trg
07:36:25.457 (4985041282)|CODE_UNIT_STARTED|[EXTERNAL]|01qO900000DhT7m|Auctifera.ItemPerLocation_Trg on Item_per_location trigger event AfterUpdate|__sfdc_trigger/Auctifera/ItemPerLocation_Trg
07:36:25.989 (4989109848)|CUMULATIVE_LIMIT_USAGE
07:36:25.989 (4989109848)|LIMIT_USAGE_FOR_NS|(default)|
  Number of SOQL queries: 0 out of 100
  Number of query rows: 0 out of 50000
  Number of SOSL queries: 0 out of 20
  Number of DML statements: 0 out of 150
  Number of Publish Immediate DML: 0 out of 150
  Number of DML rows: 0 out of 10000
  Maximum CPU time: 0 out of 10000
  Maximum heap size: 0 out of 6000000
  Number of callouts: 0 out of 100
  Number of Email Invocations: 0 out of 10
  Number of future calls: 0 out of 50
  Number of queueable jobs added to the queue: 0 out of 50
  Number of Mobile Apex push calls: 0 out of 10

07:36:25.989 (4989109848)|LIMIT_USAGE_FOR_NS|Auctifera|
  Number of SOQL queries: 49 out of 100
  Number of query rows: 30 out of 50000
  Number of SOSL queries: 0 out of 20
  Number of DML statements: 15 out of 150
  Number of Publish Immediate DML: 0 out of 150
  Number of DML rows: 15 out of 10000
  Maximum CPU time: 916 out of 10000
  Maximum heap size: 0 out of 6000000
  Number of callouts: 0 out of 100
  Number of Email Invocations: 0 out of 10
  Number of future calls: 7 out of 50
  Number of queueable jobs added to the queue: 0 out of 50
  Number of Mobile Apex push calls: 0 out of 10

07:36:25.989 (4989109848)|CUMULATIVE_LIMIT_USAGE_END

07:36:25.457 (4989299474)|CODE_UNIT_FINISHED|Auctifera.ItemPerLocation_Trg on Item_per_location trigger event AfterUpdate|__sfdc_trigger/Auctifera/ItemPerLocation_Trg
07:36:26.64 (5064150442)|CUMULATIVE_LIMIT_USAGE
07:36:26.64 (5064150442)|LIMIT_USAGE_FOR_NS|(default)|
  Number of SOQL queries: 0 out of 100
  Number of query rows: 0 out of 50000
  Number of SOSL queries: 0 out of 20
  Number of DML statements: 0 out of 150
  Number of Publish Immediate DML: 0 out of 150
  Number of DML rows: 0 out of 10000
  Maximum CPU time: 0 out of 10000
  Maximum heap size: 0 out of 6000000
  Number of callouts: 0 out of 100
  Number of Email Invocations: 0 out of 10
  Number of future calls: 0 out of 50
  Number of queueable jobs added to the queue: 0 out of 50
  Number of Mobile Apex push calls: 0 out of 10

07:36:26.64 (5064150442)|LIMIT_USAGE_FOR_NS|Auctifera|
  Number of SOQL queries: 49 out of 100
  Number of query rows: 30 out of 50000
  Number of SOSL queries: 0 out of 20
  Number of DML statements: 15 out of 150
  Number of Publish Immediate DML: 0 out of 150
  Number of DML rows: 15 out of 10000
  Maximum CPU time: 916 out of 10000
  Maximum heap size: 0 out of 6000000
  Number of callouts: 0 out of 100
  Number of Email Invocations: 0 out of 10
  Number of future calls: 7 out of 50
  Number of queueable jobs added to the queue: 0 out of 50
  Number of Mobile Apex push calls: 0 out of 10

07:36:26.64 (5064150442)|CUMULATIVE_LIMIT_USAGE_END

07:36:25.457 (5064372563)|CODE_UNIT_FINISHED|Auctifera.InventoryAdjustment on Inventory_Adjustment trigger event AfterInsert|__sfdc_trigger/Auctifera/InventoryAdjustment
07:36:25.457 (5081604953)|CODE_UNIT_STARTED|[EXTERNAL]|01qO900000DhT7S|Auctifera.CatalogItem_Trg on CatalogItem trigger event BeforeUpdate|__sfdc_trigger/Auctifera/CatalogItem_Trg
07:36:26.110 (5110716645)|CUMULATIVE_LIMIT_USAGE
07:36:26.110 (5110716645)|LIMIT_USAGE_FOR_NS|(default)|
  Number of SOQL queries: 0 out of 100
  Number of query rows: 0 out of 50000
  Number of SOSL queries: 0 out of 20
  Number of DML statements: 0 out of 150
  Number of Publish Immediate DML: 0 out of 150
  Number of DML rows: 0 out of 10000
  Maximum CPU time: 0 out of 10000
  Maximum heap size: 0 out of 6000000
  Number of callouts: 0 out of 100
  Number of Email Invocations: 0 out of 10
  Number of future calls: 0 out of 50
  Number of queueable jobs added to the queue: 0 out of 50
  Number of Mobile Apex push calls: 0 out of 10

07:36:26.110 (5110716645)|LIMIT_USAGE_FOR_NS|Auctifera|
  Number of SOQL queries: 49 out of 100
  Number of query rows: 30 out of 50000
  Number of SOSL queries: 0 out of 20
  Number of DML statements: 15 out of 150
  Number of Publish Immediate DML: 0 out of 150
  Number of DML rows: 15 out of 10000
  Maximum CPU time: 1043 out of 10000
  Maximum heap size: 0 out of 6000000
  Number of callouts: 0 out of 100
  Number of Email Invocations: 0 out of 10
  Number of future calls: 7 out of 50
  Number of queueable jobs added to the queue: 0 out of 50
  Number of Mobile Apex push calls: 0 out of 10

07:36:26.110 (5110716645)|CUMULATIVE_LIMIT_USAGE_END

07:36:25.457 (5110948251)|CODE_UNIT_FINISHED|Auctifera.CatalogItem_Trg on CatalogItem trigger event BeforeUpdate|__sfdc_trigger/Auctifera/CatalogItem_Trg
07:36:25.457 (5112568624)|CODE_UNIT_STARTED|[EXTERNAL]|Validation:CatalogItem:a0SO9000008kuIj
07:36:25.457 (5112765071)|CODE_UNIT_FINISHED|Validation:CatalogItem:a0SO9000008kuIj
07:36:25.457 (5123731820)|CODE_UNIT_STARTED|[EXTERNAL]|01qO900000DhT7S|Auctifera.CatalogItem_Trg on CatalogItem trigger event AfterUpdate|__sfdc_trigger/Auctifera/CatalogItem_Trg
07:36:26.198 (5198460205)|CUMULATIVE_LIMIT_USAGE
07:36:26.198 (5198460205)|LIMIT_USAGE_FOR_NS|(default)|
  Number of SOQL queries: 0 out of 100
  Number of query rows: 0 out of 50000
  Number of SOSL queries: 0 out of 20
  Number of DML statements: 0 out of 150
  Number of Publish Immediate DML: 0 out of 150
  Number of DML rows: 0 out of 10000
  Maximum CPU time: 0 out of 10000
  Maximum heap size: 0 out of 6000000
  Number of callouts: 0 out of 100
  Number of Email Invocations: 0 out of 10
  Number of future calls: 0 out of 50
  Number of queueable jobs added to the queue: 0 out of 50
  Number of Mobile Apex push calls: 0 out of 10

07:36:26.198 (5198460205)|LIMIT_USAGE_FOR_NS|Auctifera|
  Number of SOQL queries: 49 out of 100
  Number of query rows: 30 out of 50000
  Number of SOSL queries: 0 out of 20
  Number of DML statements: 15 out of 150
  Number of Publish Immediate DML: 0 out of 150
  Number of DML rows: 15 out of 10000
  Maximum CPU time: 1043 out of 10000
  Maximum heap size: 0 out of 6000000
  Number of callouts: 0 out of 100
  Number of Email Invocations: 0 out of 10
  Number of future calls: 9 out of 50
  Number of queueable jobs added to the queue: 0 out of 50
  Number of Mobile Apex push calls: 0 out of 10

07:36:26.198 (5198460205)|CUMULATIVE_LIMIT_USAGE_END

07:36:25.457 (5198725381)|CODE_UNIT_FINISHED|Auctifera.CatalogItem_Trg on CatalogItem trigger event AfterUpdate|__sfdc_trigger/Auctifera/CatalogItem_Trg
07:36:25.457 (5198942576)|CODE_UNIT_STARTED|[EXTERNAL]|Workflow:01IO900000jh7ZY
07:36:25.457 (5207445329)|CODE_UNIT_FINISHED|Workflow:01IO900000jh7ZY
07:36:25.457 (5268959366)|USER_DEBUG|[90]|DEBUG|=== SH-1174 S5 :: DESPUES DEL AJUSTE ===
07:36:25.457 (5269055171)|USER_DEBUG|[91]|DEBUG|Current_Item_Cost__c = 12.00 (esperado 12.00, SIN cambio)
07:36:25.457 (5269089753)|USER_DEBUG|[92]|DEBUG|Total_Stock__c       = 7 (esperado 7)
07:36:25.457 (5269227295)|USER_DEBUG|[93]|DEBUG|Ajuste: qty=3 snapshotCost=12.00 ICH=a1CO900001weVRsMAM merchandiseCost=36.00
07:36:25.457 (5269254223)|USER_DEBUG|[95]|DEBUG|=== CADENA ICH DESPUES (1) ===
07:36:25.457 (5269373812)|USER_DEBUG|[97]|DEBUG|ICH prevCost=0.000000 cost=12.000000 prevStock=0 stock=10 unitCost=10.000000 allocExpense=20.000000 effectiveCost=12.000000
07:36:25.457 (5269464735)|USER_DEBUG|[105]|DEBUG|=== VEREDICTO S5: promedio intacto=true &#124; desglose intacto=true ===
07:36:25.457 (5269483147)|USER_DEBUG|[106]|DEBUG|Shop Item Id: a0SO9000008kuIjMAI
07:36:26.421 (5421444998)|CUMULATIVE_LIMIT_USAGE
07:36:26.421 (5421444998)|LIMIT_USAGE_FOR_NS|(default)|
  Number of SOQL queries: 0 out of 100
  Number of query rows: 0 out of 50000
  Number of SOSL queries: 0 out of 20
  Number of DML statements: 0 out of 150
  Number of Publish Immediate DML: 0 out of 150
  Number of DML rows: 0 out of 10000
  Maximum CPU time: 0 out of 10000
  Maximum heap size: 0 out of 6000000
  Number of callouts: 0 out of 100
  Number of Email Invocations: 0 out of 10
  Number of future calls: 0 out of 50
  Number of queueable jobs added to the queue: 0 out of 50
  Number of Mobile Apex push calls: 0 out of 10

07:36:26.421 (5421444998)|LIMIT_USAGE_FOR_NS|Auctifera|
  Number of SOQL queries: 52 out of 100 ******* CLOSE TO LIMIT
  Number of query rows: 33 out of 50000
  Number of SOSL queries: 0 out of 20
  Number of DML statements: 15 out of 150
  Number of Publish Immediate DML: 0 out of 150
  Number of DML rows: 15 out of 10000
  Maximum CPU time: 1043 out of 10000
  Maximum heap size: 0 out of 6000000
  Number of callouts: 0 out of 100
  Number of Email Invocations: 0 out of 10
  Number of future calls: 9 out of 50
  Number of queueable jobs added to the queue: 0 out of 50
  Number of Mobile Apex push calls: 0 out of 10

07:36:26.421 (5421444998)|CUMULATIVE_LIMIT_USAGE_END

07:36:25.457 (5421512025)|CODE_UNIT_FINISHED|execute_anonymous_apex
07:36:25.457 (5421534652)|EXECUTION_FINISHED

EXIT=0
