 ›   Warning: @salesforce/cli update available from 2.131.7 to 2.147.7.
Compiled successfully.
Executed successfully.

67.0 APEX_CODE,DEBUG;APEX_PROFILING,INFO
Execute Anonymous: // SH-1129 marker: Inventory_History__c.Item_per_location__c must be optional (nillable) after the fix
Execute Anonymous: Schema.DescribeFieldResult f = Auctifera__Inventory_History__c.Auctifera__Item_per_location__c.getDescribe();
Execute Anonymous: System.debug('SH-1129 >> nillable=' + f.isNillable() + ' | createable=' + f.isCreateable() + ' | accessible=' + f.isAccessible());
10:06:03.17 (17620383)|USER_INFO|[EXTERNAL]|005D700000GX4nJ|angie.montenegro@veevartmuseumdemo--uat.com|(GMT-04:00) Eastern Daylight Time (America/New_York)|GMT-04:00
10:06:03.17 (17645588)|EXECUTION_STARTED
10:06:03.17 (17655777)|CODE_UNIT_STARTED|[EXTERNAL]|execute_anonymous_apex
10:06:03.17 (19485532)|USER_DEBUG|[3]|DEBUG|SH-1129 >> nillable=true &#124; createable=true &#124; accessible=true
10:06:03.19 (19630223)|CUMULATIVE_LIMIT_USAGE
10:06:03.19 (19630223)|LIMIT_USAGE_FOR_NS|(default)|
  Number of SOQL queries: 0 out of 100
  Number of query rows: 0 out of 50000
  Number of SOSL queries: 0 out of 20
  Number of DML statements: 0 out of 150
  Number of Publish Immediate DML: 0 out of 150
  Number of DML rows: 0 out of 10000
  Maximum CPU time: 0 out of 10000
  Maximum heap size: 0 out of 6000000
  Number of callouts: 0 out of 100
  Number of Email Invocations: 0 out of 10
  Number of future calls: 0 out of 50
  Number of queueable jobs added to the queue: 0 out of 50
  Number of Mobile Apex push calls: 0 out of 10

10:06:03.19 (19630223)|CUMULATIVE_LIMIT_USAGE_END

10:06:03.17 (19669716)|CODE_UNIT_FINISHED|execute_anonymous_apex
10:06:03.17 (19680250)|EXECUTION_FINISHED

