 ›   Warning: @salesforce/cli update available from 2.131.7 to 2.147.7.
Querying Data... done
┌─────────────────────────────────────┬───────────────────────────────────┬───────────────────────────────────────┬───────────────────────────────────────┬───────────────────────────────────────┬──────────────────────────────────────┐
│ SUBSCRIBERPACKAGE.NAME              │ SUBSCRIBERPACKAGE.NAMESPACEPREFIX │ SUBSCRIBERPACKAGEVERSION.MAJORVERSION │ SUBSCRIBERPACKAGEVERSION.MINORVERSION │ SUBSCRIBERPACKAGEVERSION.PATCHVERSION │ SUBSCRIBERPACKAGEVERSION.BUILDNUMBER │
├─────────────────────────────────────┼───────────────────────────────────┼───────────────────────────────────────┼───────────────────────────────────────┼───────────────────────────────────────┼──────────────────────────────────────┤
│ Veevart Nonprofit                   │ vnfp                              │ 2                                     │ 310                                   │ 0                                     │ 1                                    │
│ Knowledge Base Dashboards & Reports │ SK                                │ 1                                     │ 23                                    │ 0                                     │ 3                                    │
│ Salesforce Connected Apps           │ sf_com_apps                       │ 1                                     │ 7                                     │ 0                                     │ 1                                    │
│ Salesforce Mobile Apps              │ sf_chttr_apps                     │ 1                                     │ 23                                    │ 0                                     │ 1                                    │
│ V4S Mobile                          │ vfs                               │ 1                                     │ 31                                    │ 0                                     │ 3                                    │
│ Volunteers for Salesforce           │ GW_Volunteers                     │ 3                                     │ 127                                   │ 0                                     │ 2                                    │
│ Salesforce.com CRM Dashboards       │ null                              │ 1                                     │ 0                                     │ 0                                     │ 1                                    │
│ 360io                               │ DS360oi                           │ 3                                     │ 14                                    │ 0                                     │ 7                                    │
│ E2Excel                             │ E2Ex                              │ 1                                     │ 31                                    │ 0                                     │ 1                                    │
│ Contacts & Organizations            │ npe01                             │ 3                                     │ 23                                    │ 0                                     │ 3                                    │
│ Recurring Donations                 │ npe03                             │ 3                                     │ 26                                    │ 0                                     │ 3                                    │
│ Households                          │ npo02                             │ 3                                     │ 19                                    │ 0                                     │ 3                                    │
│ Affiliations                        │ npe5                              │ 3                                     │ 14                                    │ 0                                     │ 3                                    │
│ Relationships                       │ npe4                              │ 3                                     │ 16                                    │ 0                                     │ 4                                    │
│ Auctifera                           │ Auctifera                         │ 8                                     │ 332                                   │ 0                                     │ 2                                    │
│ Email Made Easy (Mailchimp)         │ mone                              │ 1                                     │ 143                                   │ 0                                     │ 2                                    │
│ Veevart Reporting                   │ veevreport                        │ 1                                     │ 8                                     │ 0                                     │ 2                                    │
│ Veevart Forms                       │ veevart                           │ 1                                     │ 1                                     │ 0                                     │ 1                                    │
│ Veevart Rentals & Groups            │ veevart                           │ 0                                     │ 3                                     │ 0                                     │ 1                                    │
│ Veevart Ticketing                   │ veevart                           │ 0                                     │ 17                                    │ 0                                     │ 13                                   │
│ Veevart Accounting                  │ veevart                           │ 0                                     │ 8                                     │ 0                                     │ 1                                    │
│ Veevart Data Model                  │ veevart                           │ 0                                     │ 1                                     │ 0                                     │ 9                                    │
│ Veevart Payments                    │ veevart                           │ 1                                     │ 2                                     │ 0                                     │ 0                                    │
│ Mailchimp Integration App           │ MC4SF                             │ 1                                     │ 105                                   │ 0                                     │ 2                                    │
│ Nonprofit Success Pack              │ npsp                              │ 3                                     │ 237                                   │ 0                                     │ 2                                    │
└─────────────────────────────────────┴───────────────────────────────────┴───────────────────────────────────────┴───────────────────────────────────────┴───────────────────────────────────────┴──────────────────────────────────────┘

Total number of records retrieved: 25.
